// Jest Snapshot v1, https://goo.gl/fbAQLP

exports[`renders basic calendar without components 1`] = `
<div
  className="css-ped4l1"
>
  <div
    className="fade alert alert-warning show"
    role="alert"
  >
    <div
      className="css-1t7ejvz"
    >
      <h2>
        Fetching Data
      </h2>
      <div
        className="spinner-grow spinner-grow-sm"
      />
      <div
        className="spinner-grow spinner-grow-sm"
      />
      <div
        className="spinner-grow spinner-grow-sm"
      />
    </div>
  </div>
  <div
    className="css-1336ld2"
  >
    <img
      className="css-1s1u341"
      onClick={[Function]}
      src="https://image.flaticon.com/icons/svg/137/137517.svg"
    />
    <h1>
      May
      -
      2020
    </h1>
    <img
      className="css-19iw3eh"
      onClick={[Function]}
      src="https://image.flaticon.com/icons/svg/137/137517.svg"
    />
  </div>
  <div
    className="css-q8qys"
  >
    <div
      className="css-1wqfwkp"
    >
      Sun
    </div>
    <div
      className="css-1wqfwkp"
    >
      Mon
    </div>
    <div
      className="css-1wqfwkp"
    >
      Tue
    </div>
    <div
      className="css-1wqfwkp"
    >
      Wed
    </div>
    <div
      className="css-1wqfwkp"
    >
      Thu
    </div>
    <div
      className="css-1wqfwkp"
    >
      Fri
    </div>
    <div
      className="css-1wqfwkp"
    >
      Sat
    </div>
    <div
      className="css-1x8qefd"
      onClick={[Function]}
    >
      <div
        className="css-17d5bfc"
      >
        <span>
          
        </span>
      </div>
      NaN
    </div>
    NaN
    <div
      className="css-1x8qefd"
      onClick={[Function]}
    >
      <div
        className="css-17d5bfc"
      >
        <span>
          
        </span>
      </div>
      NaN
    </div>
    NaN
    <div
      className="css-1x8qefd"
      onClick={[Function]}
    >
      <div
        className="css-17d5bfc"
      >
        <span>
          
        </span>
      </div>
      NaN
    </div>
    NaN
    <div
      className="css-1x8qefd"
      onClick={[Function]}
    >
      <div
        className="css-17d5bfc"
      >
        <span>
          
        </span>
      </div>
      NaN
    </div>
    NaN
    <div
      className="css-1x8qefd"
      onClick={[Function]}
    >
      <div
        className="css-17d5bfc"
      >
        <span>
          
        </span>
      </div>
      NaN
    </div>
    NaN
    <div
      className="css-1x8qefd"
      onClick={[Function]}
    >
      <div
        className="css-17d5bfc"
      >
        <span>
          
        </span>
      </div>
      NaN
    </div>
    NaN
    <div
      className="css-1x8qefd"
      onClick={[Function]}
    >
      <div
        className="css-17d5bfc"
      >
        <span>
          
        </span>
      </div>
      NaN
    </div>
    NaN
    <div
      className="css-1x8qefd"
      onClick={[Function]}
    >
      <div
        className="css-17d5bfc"
      >
        <span>
          
        </span>
      </div>
      NaN
    </div>
    NaN
    <div
      className="css-1x8qefd"
      onClick={[Function]}
    >
      <div
        className="css-17d5bfc"
      >
        <span>
          
        </span>
      </div>
      NaN
    </div>
    NaN
    <div
      className="css-1x8qefd"
      onClick={[Function]}
    >
      <div
        className="css-17d5bfc"
      >
        <span>
          
        </span>
      </div>
      NaN
    </div>
    NaN
    <div
      className="css-1x8qefd"
      onClick={[Function]}
    >
      <div
        className="css-17d5bfc"
      >
        <span>
          
        </span>
      </div>
      NaN
    </div>
    NaN
    <div
      className="css-1x8qefd"
      onClick={[Function]}
    >
      <div
        className="css-17d5bfc"
      >
        <span>
          
        </span>
      </div>
      NaN
    </div>
    NaN
    <div
      className="css-1x8qefd"
      onClick={[Function]}
    >
      <div
        className="css-17d5bfc"
      >
        <span>
          
        </span>
      </div>
      NaN
    </div>
    NaN
    <div
      className="css-1x8qefd"
      onClick={[Function]}
    >
      <div
        className="css-17d5bfc"
      >
        <span>
          
        </span>
      </div>
      NaN
    </div>
    NaN
    <div
      className="css-1x8qefd"
      onClick={[Function]}
    >
      <div
        className="css-17d5bfc"
      >
        <span>
          
        </span>
      </div>
      NaN
    </div>
    NaN
    <div
      className="css-1x8qefd"
      onClick={[Function]}
    >
      <div
        className="css-17d5bfc"
      >
        <span>
          
        </span>
      </div>
      NaN
    </div>
    NaN
    <div
      className="css-1x8qefd"
      onClick={[Function]}
    >
      <div
        className="css-17d5bfc"
      >
        <span>
          
        </span>
      </div>
      NaN
    </div>
    NaN
    <div
      className="css-1x8qefd"
      onClick={[Function]}
    >
      <div
        className="css-17d5bfc"
      >
        <span>
          
        </span>
      </div>
      NaN
    </div>
    NaN
    <div
      className="css-1x8qefd"
      onClick={[Function]}
    >
      <div
        className="css-17d5bfc"
      >
        <span>
          
        </span>
      </div>
      NaN
    </div>
    NaN
    <div
      className="css-1x8qefd"
      onClick={[Function]}
    >
      <div
        className="css-17d5bfc"
      >
        <span>
          
        </span>
      </div>
      NaN
    </div>
    NaN
    <div
      className="css-1x8qefd"
      onClick={[Function]}
    >
      <div
        className="css-17d5bfc"
      >
        <span>
          
        </span>
      </div>
      NaN
    </div>
    NaN
    <div
      className="css-1x8qefd"
      onClick={[Function]}
    >
      <div
        className="css-17d5bfc"
      >
        <span>
          
        </span>
      </div>
      NaN
    </div>
    NaN
    <div
      className="css-1x8qefd"
      onClick={[Function]}
    >
      <div
        className="css-17d5bfc"
      >
        <span>
          
        </span>
      </div>
      NaN
    </div>
    NaN
    <div
      className="css-1x8qefd"
      onClick={[Function]}
    >
      <div
        className="css-17d5bfc"
      >
        <span>
          
        </span>
      </div>
      NaN
    </div>
    NaN
    <div
      className="css-1x8qefd"
      onClick={[Function]}
    >
      <div
        className="css-17d5bfc"
      >
        <span>
          
        </span>
      </div>
      NaN
    </div>
    NaN
    <div
      className="css-1x8qefd"
      onClick={[Function]}
    >
      <div
        className="css-17d5bfc"
      >
        <span>
          
        </span>
      </div>
      NaN
    </div>
    NaN
    <div
      className="css-1x8qefd"
      onClick={[Function]}
    >
      <div
        className="css-17d5bfc"
      >
        <span>
          
        </span>
      </div>
      NaN
    </div>
    NaN
    <div
      className="css-1x8qefd"
      onClick={[Function]}
    >
      <div
        className="css-17d5bfc"
      >
        <span>
          
        </span>
      </div>
      NaN
    </div>
    NaN
    <div
      className="css-1x8qefd"
      onClick={[Function]}
    >
      <div
        className="css-17d5bfc"
      >
        <span>
          
        </span>
      </div>
      NaN
    </div>
    NaN
    <div
      className="css-1x8qefd"
      onClick={[Function]}
    >
      <div
        className="css-17d5bfc"
      >
        <span>
          
        </span>
      </div>
      NaN
    </div>
    NaN
    <div
      className="css-1x8qefd"
      onClick={[Function]}
    >
      <div
        className="css-17d5bfc"
      >
        <span>
          
        </span>
      </div>
      NaN
    </div>
    NaN
    <div
      className="css-1x8qefd"
      onClick={[Function]}
    >
      <div
        className="css-17d5bfc"
      >
        <span>
          
        </span>
      </div>
      NaN
    </div>
    NaN
    <div
      className="css-1x8qefd"
      onClick={[Function]}
    >
      <div
        className="css-17d5bfc"
      >
        <span>
          
        </span>
      </div>
      NaN
    </div>
    NaN
    <div
      className="css-1x8qefd"
      onClick={[Function]}
    >
      <div
        className="css-17d5bfc"
      >
        <span>
          
        </span>
      </div>
      NaN
    </div>
    NaN
    <div
      className="css-1x8qefd"
      onClick={[Function]}
    >
      <div
        className="css-17d5bfc"
      >
        <span>
          
        </span>
      </div>
      NaN
    </div>
    NaN
  </div>
</div>
`;
